2025-02-19 07:48:00 | INFO | repo=a4m36jee-2014-clustering-seminar | action=pull
2025-11-06 18:13:00 | WARN | repo=a4m36jee-2014-clustering-seminar | action=commit
2025-07-09 15:44:00 | WARN | repo=a4m36jee-2014-clustering-seminar | action=commit
2025-11-02 18:33:00 | WARN | repo=a4m36jee-2014-clustering-seminar | action=commit
2025-10-25 20:24:00 | INFO | repo=a4m36jee-2014-clustering-seminar | action=commit
2025-12-28 20:13:00 | DEBUG | repo=a4m36jee-2014-clustering-seminar | action=commit
2025-05-26 09:41:00 | DEBUG | repo=a4m36jee-2014-clustering-seminar | action=commit
2025-08-15 07:35:00 | DEBUG | repo=a4m36jee-2014-clustering-seminar | action=commit
2025-09-21 13:36:00 | INFO | repo=a4m36jee-2014-clustering-seminar | action=commit
2025-02-22 21:59:00 | INFO | repo=a4m36jee-2014-clustering-seminar | action=commit
2025-01-17 12:34:00 | WARN | repo=a4m36jee-2014-clustering-seminar | action=commit
2025-06-19 17:14:00 | INFO | repo=a4m36jee-2014-clustering-seminar | action=edit | files=5
2025-05-23 16:58:00 | INFO | repo=a4m36jee-2014-clustering-seminar | action=pull
2025-07-04 12:35:00 | INFO | repo=a4m36jee-2014-clustering-seminar | action=pull
2025-01-16 18:37:00 | WARN | repo=a4m36jee-2014-clustering-seminar | action=commit
2025-04-23 14:01:00 | DEBUG | repo=a4m36jee-2014-clustering-seminar | action=pull
2025-06-17 10:37:00 | INFO | repo=a4m36jee-2014-clustering-seminar | action=commit
2025-12-11 11:35:00 | WARN | repo=a4m36jee-2014-clustering-seminar | action=commit
2025-05-19 21:07:00 | WARN | repo=a4m36jee-2014-clustering-seminar | action=commit
2025-10-18 09:04:00 | DEBUG | repo=a4m36jee-2014-clustering-seminar | action=commit
2025-07-13 13:16:00 | DEBUG | repo=a4m36jee-2014-clustering-seminar | action=commit
2025-05-06 16:30:00 | WARN | repo=a4m36jee-2014-clustering-seminar | action=commit
2025-10-15 14:20:00 | WARN | repo=a4m36jee-2014-clustering-seminar | action=commit
2025-04-10 08:32:00 | INFO | repo=a4m36jee-2014-clustering-seminar | action=commit
2025-10-13 09:14:00 | INFO | repo=a4m36jee-2014-clustering-seminar | action=commit
2025-09-10 08:13:00 | DEBUG | repo=a4m36jee-2014-clustering-seminar | action=commit
2025-09-10 15:28:00 | INFO | repo=a4m36jee-2014-clustering-seminar | action=commit
2025-05-28 08:03:00 | DEBUG | repo=a4m36jee-2014-clustering-seminar | action=commit
2025-09-13 09:53:00 | WARN | repo=a4m36jee-2014-clustering-seminar | action=commit
2025-09-07 07:27:00 | WARN | repo=a4m36jee-2014-clustering-seminar | action=commit
2025-09-24 11:41:00 | DEBUG | repo=a4m36jee-2014-clustering-seminar | action=commit
2025-02-23 19:06:00 | DEBUG | repo=a4m36jee-2014-clustering-seminar | action=commit
2025-03-10 18:50:00 | INFO | repo=a4m36jee-2014-clustering-seminar | action=commit
2025-01-08 20:43:00 | INFO | repo=a4m36jee-2014-clustering-seminar | action=commit
2025-06-25 17:24:00 | WARN | repo=a4m36jee-2014-clustering-seminar | action=commit
2025-04-13 21:48:00 | DEBUG | repo=a4m36jee-2014-clustering-seminar | action=commit
2025-07-07 17:02:00 | WARN | repo=a4m36jee-2014-clustering-seminar | action=commit
2025-12-02 16:00:00 | WARN | repo=a4m36jee-2014-clustering-seminar | action=commit
2025-05-08 07:15:00 | DEBUG | repo=a4m36jee-2014-clustering-seminar | action=edit | files=2
2025-08-23 11:39:00 | DEBUG | repo=a4m36jee-2014-clustering-seminar | action=commit
2025-04-15 18:33:00 | WARN | repo=a4m36jee-2014-clustering-seminar | action=edit | files=2
2025-01-01 07:13:00 | WARN | repo=a4m36jee-2014-clustering-seminar | action=commit
